components/Portfolio.tsx(172,29): error TS2322: Type '(el: HTMLVideoElement) => HTMLVideoElement' is not assignable to type 'Ref<HTMLVideoElement>'.
  Type '(el: HTMLVideoElement) => HTMLVideoElement' is not assignable to type '(instance: HTMLVideoElement) => void | (() => VoidOrUndefinedOnly)'.
    Type 'HTMLVideoElement' is not assignable to type 'void | (() => VoidOrUndefinedOnly)'.
components/Portfolio.tsx(185,29): error TS2322: Type '(el: HTMLVideoElement) => HTMLVideoElement' is not assignable to type 'Ref<HTMLVideoElement>'.
  Type '(el: HTMLVideoElement) => HTMLVideoElement' is not assignable to type '(instance: HTMLVideoElement) => void | (() => VoidOrUndefinedOnly)'.
    Type 'HTMLVideoElement' is not assignable to type 'void | (() => VoidOrUndefinedOnly)'.
components/Portfolio.tsx(199,27): error TS2322: Type '(el: HTMLVideoElement) => HTMLVideoElement' is not assignable to type 'Ref<HTMLVideoElement>'.
  Type '(el: HTMLVideoElement) => HTMLVideoElement' is not assignable to type '(instance: HTMLVideoElement) => void | (() => VoidOrUndefinedOnly)'.
    Type 'HTMLVideoElement' is not assignable to type 'void | (() => VoidOrUndefinedOnly)'.
